GAMS 25.0.2  r65346 Released Jan 31, 2018 DEX-DEG x86 64bit/Mac OS X                                                                                                                                                                   03/04/18 12:26:33 Page 1
G e n e r a l   A l g e b r a i c   M o d e l i n g   S y s t e m
C o m p i l a t i o n


   1  Set t   'Stages'        /1*3/;
   2  Set i   'Assets'        /1*5/;
   3   
   4  Set ci(i)       'cash index'    /5/;
   5  Set cn(i)       'noncash index' /1*4/;
   6   
   7  Positive Variables
   8          x(i, t) 'dollar amount in asset i in stage t'
   9          y(i, t) 'amount sold of asset i in stage t'
  10          z(i, t) 'amount bought of asset i in stage t';
  11   
  12  Free Variable
  13          utility;
  14   
  15  Scalars
  16          W               'initial wealth'        /1000000/
  17          alpha   'utility parameter'             /10/
  18          mu              'transaction cost - sell'       /0.0005/
  19          nu              'transaction cost - buy'        /0.0005/;
  20   
  21  alias (i, ii);
  22  Parameters
  23          mean(i) 'shape of return distribution - mean of normal distribution of asset i'
  24  /
  25  1   10.5
  26  2       8.5
  27  3       7
  28  4       4
  29  5       3
  30  /
  31   
  32          stdev(i)        'stdev of normal distribution of asset i'
  33  /
  34  1       15.5
  35  2       11.9
  36  3       8.2
  37  4       0.1
  38  5       0.3
  39  /
  40          r(i)    'return of asset i';
  41   
  42  r(i) = normal(mean(i),stdev(i));
  43   
  44  Equations
  45          defutility "definition of utility"
  46          balance(i, t)   'initial asset allocation'
  47          rebalance1(i, t) 'balance equation for assets'
  48          rebalance2(i, t) 'balance equation for cash';
  49   
  50  defutility..    utility =e= ((sum((i, t), r(i) * x(i, t)))**(1-alpha)-1)/(1-alpha);
  51  balance(i, t).. W =e= sum(ii, x(i, t));
  52  rebalance1(i, t).. x(i, t) + y(i, t) - z(i, t) = -r(i, t-1)*x(i, t-1);
****                                                            $148       $37
GAMS 25.0.2  r65346 Released Jan 31, 2018 DEX-DEG x86 64bit/Mac OS X                                                                                                                                                                   03/04/18 12:26:33 Page 2
G e n e r a l   A l g e b r a i c   M o d e l i n g   S y s t e m
C o m p i l a t i o n


  53  rebalance2(i, t).. sum((i, t), -(1-mu)*y(i, t)$cn(i)+(1+nu)*z(i, t)$cn(i)) =e= -r(i, t-1)$ci(i)*x(i, t-1)$ci(i)+x(i, t)$ci(t);
****                           $125,125                                                       $148                                $171
  54   
  55  Model endowment /all/;
  56   
  57  * EMP Annotations
  58  File emp / '/Users/michellezhang/Desktop/endowment_fund/GAMS/225a/empinfo.dat' /;
  59  put emp; emp.nd=6;
  60  $onput
  61  stage 1 x('1') y('1') z('1') balance('1') rebalance1('1') rebalance2('1') 
  62  stage 2 x('2') y('2') z('2') rebalance1('2') rebalance2('2') 
  63  stage 3 x('3') y('3') z('3') rebalance1('3') rebalance2('3')
  64  $offput
  65  putclose emp;
  66  option emp = lindo;
  67  solve endowment using emp max utility;
****                                       $257
  68  display utility;
****                $143,141
  69   
GAMS 25.0.2  r65346 Released Jan 31, 2018 DEX-DEG x86 64bit/Mac OS X                                                                                                                                                                   03/04/18 12:26:33 Page 3
G e n e r a l   A l g e b r a i c   M o d e l i n g   S y s t e m
Error Messages


 37  '=l=' or '=e=' or '=g=' operator expected
125  Set is under control already
141  Symbol declared but no values have been assigned. Check for missing
        data definition, assignment, data loading or implicit assignment
        via a solve statement.
        A wild shot: You may have spurious commas in the explanatory
        text of a declaration. Check symbol reference list.
143  A suffix is missing
148  Dimension different - The symbol is referenced with more/less
        indices as declared
171  Domain violation for set
257  Solve statement not checked because of previous errors

**** 9 ERROR(S)   0 WARNING(S)


COMPILATION TIME     =        0.006 SECONDS      3 MB  25.0.2 r65346 DEX-DEG


USER: GAMS Development Corporation, USA              G871201/0000CA-ANY
      Free Demo, +1 202-342-0180, support@gams.com, www.gams.com DC0000


**** FILE SUMMARY

Input      /Users/michellezhang/Desktop/endowment_fund/GAMS/project.gms
Output     /Users/michellezhang/Desktop/endowment_fund/GAMS/project.lst

**** USER ERROR(S) ENCOUNTERED
